// Jest Snapshot v1, https://goo.gl/fbAQLP

exports[`Text Component should return a Text object with base styling 1`] = `
.c0 {
  font-family: -apple-system,BlinkMacSystemFont,"Segoe UI",Roboto,Helvetica,Arial,sans-serif,"Apple Color Emoji","Segoe UI Emoji","Segoe UI Symbol";
  font-size: calc(1rem * 1);
  font-weight: inherit;
  -webkit-letter-spacing: inherit;
  -moz-letter-spacing: inherit;
  -ms-letter-spacing: inherit;
  letter-spacing: inherit;
  line-height: 1.5;
  color: inherit;
  text-align: inherit;
}

<span
  className="c0"
>
  Lorem Ipsum
</span>
`;

exports[`Text Component should return a Text object with font-family: serif 1`] = `
.c0 {
  font-family: Frutiger,"Frutiger Linotype",Univers,Calibri,"Gill Sans","Gill Sans MT","Myriad Pro",Myriad,"DejaVu Sans Condensed","Liberation Sans","Nimbus Sans L",Tahoma,Geneva,"Helvetica Neue",Helvetica,Arial,sans-serif;
  font-size: calc(1rem * 1);
  font-weight: inherit;
  -webkit-letter-spacing: inherit;
  -moz-letter-spacing: inherit;
  -ms-letter-spacing: inherit;
  letter-spacing: inherit;
  line-height: 1.5;
  color: inherit;
  text-align: inherit;
}

<span
  className="c0"
  fontFamily="serif"
>
  Lorem Ipsum
</span>
`;

exports[`Text Component should return a Text object with font-size: lg 1`] = `
.c0 {
  font-family: -apple-system,BlinkMacSystemFont,"Segoe UI",Roboto,Helvetica,Arial,sans-serif,"Apple Color Emoji","Segoe UI Emoji","Segoe UI Symbol";
  font-size: calc(1rem * 1.2);
  font-weight: inherit;
  -webkit-letter-spacing: inherit;
  -moz-letter-spacing: inherit;
  -ms-letter-spacing: inherit;
  letter-spacing: inherit;
  line-height: 1.5;
  color: inherit;
  text-align: inherit;
}

<span
  className="c0"
>
  Lorem Ipsum
</span>
`;

exports[`Text Component should return a Text object with font-size: sm 1`] = `
.c0 {
  font-family: -apple-system,BlinkMacSystemFont,"Segoe UI",Roboto,Helvetica,Arial,sans-serif,"Apple Color Emoji","Segoe UI Emoji","Segoe UI Symbol";
  font-size: calc(1rem * .8);
  font-weight: inherit;
  -webkit-letter-spacing: inherit;
  -moz-letter-spacing: inherit;
  -ms-letter-spacing: inherit;
  letter-spacing: inherit;
  line-height: 1.5;
  color: inherit;
  text-align: inherit;
}

<span
  className="c0"
>
  Lorem Ipsum
</span>
`;

exports[`Text Component should return a Text object with font-style: italic 1`] = `
.c0 {
  font-family: -apple-system,BlinkMacSystemFont,"Segoe UI",Roboto,Helvetica,Arial,sans-serif,"Apple Color Emoji","Segoe UI Emoji","Segoe UI Symbol";
  font-size: calc(1rem * 1);
  font-weight: inherit;
  -webkit-letter-spacing: inherit;
  -moz-letter-spacing: inherit;
  -ms-letter-spacing: inherit;
  letter-spacing: inherit;
  line-height: 1.5;
  font-style: italic;
  color: inherit;
  text-align: inherit;
}

<span
  className="c0"
>
  Lorem Ipsum
</span>
`;

exports[`Text Component should return a Text object with kerning: 1px 1`] = `
.c0 {
  font-family: -apple-system,BlinkMacSystemFont,"Segoe UI",Roboto,Helvetica,Arial,sans-serif,"Apple Color Emoji","Segoe UI Emoji","Segoe UI Symbol";
  font-size: calc(1rem * 1);
  font-weight: inherit;
  -webkit-letter-spacing: 1px;
  -moz-letter-spacing: 1px;
  -ms-letter-spacing: 1px;
  letter-spacing: 1px;
  line-height: 1.5;
  color: inherit;
  text-align: inherit;
}

<span
  className="c0"
  kerning="1px"
>
  Lorem Ipsum
</span>
`;
