// Jest Snapshot v1, https://goo.gl/fbAQLP

exports[`ControlLabel Component base should return a ControlLabel object 1`] = `
.c0 {
  background-color: white;
  left: 0.5rem;
  padding: 0 0.5rem;
  position: absolute;
  top: -0.5rem;
  font-family: inherit;
  font-size: 0.8rem;
  font-weight: inherit;
  -webkit-letter-spacing: inherit;
  -moz-letter-spacing: inherit;
  -ms-letter-spacing: inherit;
  letter-spacing: inherit;
  line-height: 1.5;
  color: inherit;
  text-align: inherit;
  -webkit-text-decoration: inherit;
  text-decoration: inherit;
}

<ControlLabel
  bgColor="white"
  color="inherit"
  fontFamily="inherit"
  fontWeight="inherit"
  for="forWhatId"
  kerning="inherit"
  lg={false}
  sm={false}
  textAlign="inherit"
  textDecoration="inherit"
  validationError=""
>
  <styled.label
    for="forWhatId"
  >
    <label
      className="c0"
    >
      Label text is here
    </label>
  </styled.label>
</ControlLabel>
`;
