// Jest Snapshot v1, https://goo.gl/fbAQLP

exports[`ControlLabel Component base should return a ControlLabel object 1`] = `
.c0 {
  background-color: hsl(0,0%,100%);
  color: inherit;
  font-family: inherit;
  font-size: 0.8rem;
  font-weight: inherit;
  -webkit-letter-spacing: inherit;
  -moz-letter-spacing: inherit;
  -ms-letter-spacing: inherit;
  letter-spacing: inherit;
  line-height: 1.5;
  text-align: inherit;
  -webkit-text-decoration: inherit;
  text-decoration: inherit;
  left: 0.5rem;
  padding: 0 0.5rem;
  position: absolute;
  top: -0.5rem;
}

<label
  className="c0"
  htmlFor="forWhatId"
>
  Label text is here
</label>
`;
