// Jest Snapshot v1, https://goo.gl/fbAQLP

exports[`CheckboxField using Theme Font Family should return a CheckboxField object with a custom font family 1`] = `
.c3 {
  color: inherit;
  background-color: transparent;
  font-family: "DejaVu Sans Mono","Bitstream Vera Sans Mono",Courier;
  font-size: inherit;
  -webkit-letter-spacing: inherit;
  -moz-letter-spacing: inherit;
  -ms-letter-spacing: inherit;
  letter-spacing: inherit;
  line-height: 1.5;
  text-align: inherit;
  -webkit-text-decoration: inherit;
  text-decoration: inherit;
  margin-right: 1rem;
  -webkit-align-items: baseline;
  -webkit-box-align: baseline;
  -ms-flex-align: baseline;
  align-items: baseline;
  -webkit-align-self: flex-start;
  -ms-flex-item-align: start;
  align-self: flex-start;
  cursor: pointer;
}

.c2 {
  display: -webkit-box;
  display: -webkit-flex;
  display: -ms-flexbox;
  display: flex;
  padding: 0 1rem 0.5rem;
  -webkit-flex-direction: column;
  -ms-flex-direction: column;
  flex-direction: column;
}

.c1 {
  color: inherit;
  background-color: hsl(0,0%,100%);
  font-family: -apple-system,BlinkMacSystemFont,"Segoe UI",Roboto,Helvetica,Arial,sans-serif,"Apple Color Emoji","Segoe UI Emoji","Segoe UI Symbol";
  font-size: 0.8rem;
  font-weight: inherit;
  -webkit-letter-spacing: inherit;
  -moz-letter-spacing: inherit;
  -ms-letter-spacing: inherit;
  letter-spacing: inherit;
  line-height: 0.8;
  text-align: inherit;
  -webkit-text-decoration: inherit;
  text-decoration: inherit;
  left: 0.5rem;
  padding: 0 0.5rem;
  position: relative;
}

.c0 {
  position: relative;
  color: inherit;
  background-color: transparent;
  padding-top: 4px;
  padding-bottom: 16px;
  width: 100%;
}

<div
  className="c0"
>
  <label
    className="c1"
    htmlFor="checkbox"
  >
    Color
  </label>
  <div
    className="c2"
    id=""
  >
    <label
      className="c3"
      disabled={false}
      fontFamily="trueSpace"
      id="checkbox"
      value={
        Array [
          "red",
        ]
      }
    >
      <input
        checked={true}
        disabled={false}
        fontFamily="trueSpace"
        id="checkbox"
        name="Color"
        onChange={[Function]}
        style={
          Object {
            "cursor": "pointer",
            "marginRight": "0.5rem",
          }
        }
        type="checkbox"
        value="red"
      >
        Lorem Ipsum
      </input>
      Red
    </label>
    <label
      className="c3"
      disabled={false}
      fontFamily="trueSpace"
      id="checkbox"
      value={
        Array [
          "red",
        ]
      }
    >
      <input
        checked={false}
        disabled={false}
        fontFamily="trueSpace"
        id="checkbox"
        name="Color"
        onChange={[Function]}
        style={
          Object {
            "cursor": "pointer",
            "marginRight": "0.5rem",
          }
        }
        type="checkbox"
        value="yellow"
      >
        Lorem Ipsum
      </input>
      Yellow
    </label>
    <label
      className="c3"
      disabled={false}
      fontFamily="trueSpace"
      id="checkbox"
      value={
        Array [
          "red",
        ]
      }
    >
      <input
        checked={false}
        disabled={false}
        fontFamily="trueSpace"
        id="checkbox"
        name="Color"
        onChange={[Function]}
        style={
          Object {
            "cursor": "pointer",
            "marginRight": "0.5rem",
          }
        }
        type="checkbox"
        value="green"
      >
        Lorem Ipsum
      </input>
      Green
    </label>
  </div>
</div>
`;

exports[`CheckboxField using Theme color should return a CheckboxField object with custom color 1`] = `
.c3 {
  color: hsl(313,67.8%,47.5%);
  background-color: transparent;
  font-family: -apple-system,BlinkMacSystemFont,"Segoe UI",Roboto,Helvetica,Arial,sans-serif,"Apple Color Emoji","Segoe UI Emoji","Segoe UI Symbol";
  font-size: inherit;
  -webkit-letter-spacing: inherit;
  -moz-letter-spacing: inherit;
  -ms-letter-spacing: inherit;
  letter-spacing: inherit;
  line-height: 1.5;
  text-align: inherit;
  -webkit-text-decoration: inherit;
  text-decoration: inherit;
  margin-right: 1rem;
  -webkit-align-items: baseline;
  -webkit-box-align: baseline;
  -ms-flex-align: baseline;
  align-items: baseline;
  -webkit-align-self: flex-start;
  -ms-flex-item-align: start;
  align-self: flex-start;
  cursor: pointer;
}

.c2 {
  display: -webkit-box;
  display: -webkit-flex;
  display: -ms-flexbox;
  display: flex;
  padding: 0 1rem 0.5rem;
  -webkit-flex-direction: column;
  -ms-flex-direction: column;
  flex-direction: column;
}

.c1 {
  color: inherit;
  background-color: hsl(305,33.9%,23.7%);
  font-family: -apple-system,BlinkMacSystemFont,"Segoe UI",Roboto,Helvetica,Arial,sans-serif,"Apple Color Emoji","Segoe UI Emoji","Segoe UI Symbol";
  font-size: 0.8rem;
  font-weight: inherit;
  -webkit-letter-spacing: inherit;
  -moz-letter-spacing: inherit;
  -ms-letter-spacing: inherit;
  letter-spacing: inherit;
  line-height: 0.8;
  text-align: inherit;
  -webkit-text-decoration: inherit;
  text-decoration: inherit;
  left: 0.5rem;
  padding: 0 0.5rem;
  position: relative;
}

.c0 {
  position: relative;
  color: inherit;
  background-color: transparent;
  padding-top: 4px;
  padding-bottom: 16px;
  width: 100%;
}

<div
  className="c0"
>
  <label
    className="c1"
    htmlFor="checkbox"
  >
    Color
  </label>
  <div
    className="c2"
    id=""
  >
    <label
      className="c3"
      color="grapeSoda.light"
      disabled={false}
      id="checkbox"
      value={
        Array [
          "red",
        ]
      }
    >
      <input
        checked={true}
        color="grapeSoda.light"
        disabled={false}
        id="checkbox"
        name="Color"
        onChange={[Function]}
        style={
          Object {
            "cursor": "pointer",
            "marginRight": "0.5rem",
          }
        }
        type="checkbox"
        value="red"
      >
        Lorem Ipsum
      </input>
      Red
    </label>
    <label
      className="c3"
      color="grapeSoda.light"
      disabled={false}
      id="checkbox"
      value={
        Array [
          "red",
        ]
      }
    >
      <input
        checked={false}
        color="grapeSoda.light"
        disabled={false}
        id="checkbox"
        name="Color"
        onChange={[Function]}
        style={
          Object {
            "cursor": "pointer",
            "marginRight": "0.5rem",
          }
        }
        type="checkbox"
        value="yellow"
      >
        Lorem Ipsum
      </input>
      Yellow
    </label>
    <label
      className="c3"
      color="grapeSoda.light"
      disabled={false}
      id="checkbox"
      value={
        Array [
          "red",
        ]
      }
    >
      <input
        checked={false}
        color="grapeSoda.light"
        disabled={false}
        id="checkbox"
        name="Color"
        onChange={[Function]}
        style={
          Object {
            "cursor": "pointer",
            "marginRight": "0.5rem",
          }
        }
        type="checkbox"
        value="green"
      >
        Lorem Ipsum
      </input>
      Green
    </label>
  </div>
</div>
`;
