// Jest Snapshot v1, https://goo.gl/fbAQLP

exports[`CheckboxFieldComponent Component base should return a CheckboxFieldComponent that contains CheckboxComponent object 1`] = `
.c1 {
  color: inherit;
  background-color: transparent;
  font-family: inherit;
  font-size: inherit;
  -webkit-letter-spacing: inherit;
  -moz-letter-spacing: inherit;
  -ms-letter-spacing: inherit;
  letter-spacing: inherit;
  line-height: 1.5;
  text-align: inherit;
  -webkit-text-decoration: inherit;
  text-decoration: inherit;
  margin-right: 1rem;
  -webkit-align-items: baseline;
  -webkit-box-align: baseline;
  -ms-flex-align: baseline;
  align-items: baseline;
  -webkit-align-self: flex-start;
  -ms-flex-item-align: start;
  align-self: flex-start;
  cursor: pointer;
}

.c0 {
  display: -webkit-box;
  display: -webkit-flex;
  display: -ms-flexbox;
  display: flex;
  padding: 0 1rem 0.5rem;
}

<div
  className="c0"
  id=""
>
  <label
    className="c1"
    id="exampleColor"
    value={
      Array [
        "red",
      ]
    }
  >
    <input
      checked={true}
      disabled={undefined}
      id="exampleColor"
      name="Color"
      onChange={[Function]}
      style={
        Object {
          "cursor": "pointer",
          "marginRight": "0.5rem",
        }
      }
      type="checkbox"
      value="red"
    />
    Red
  </label>
  <label
    className="c1"
    id="exampleColor"
    value={
      Array [
        "red",
      ]
    }
  >
    <input
      checked={false}
      disabled={undefined}
      id="exampleColor"
      name="Color"
      onChange={[Function]}
      style={
        Object {
          "cursor": "pointer",
          "marginRight": "0.5rem",
        }
      }
      type="checkbox"
      value="yellow"
    />
    Yellow
  </label>
  <label
    className="c1"
    id="exampleColor"
    value={
      Array [
        "red",
      ]
    }
  >
    <input
      checked={false}
      disabled={undefined}
      id="exampleColor"
      name="Color"
      onChange={[Function]}
      style={
        Object {
          "cursor": "pointer",
          "marginRight": "0.5rem",
        }
      }
      type="checkbox"
      value="green"
    />
    Green
  </label>
</div>
`;
