// Jest Snapshot v1, https://goo.gl/fbAQLP

exports[`AssistiveText using Theme Font Family should return a AssistiveText object with a custom font family 1`] = `
.c0 {
  background-color: transparent;
  color: hsl(0,0%,50%);
  font-family: "DejaVu Sans Mono","Bitstream Vera Sans Mono",Courier;
  font-size: 0.8rem;
  font-weight: inherit;
  -webkit-letter-spacing: inherit;
  -moz-letter-spacing: inherit;
  -ms-letter-spacing: inherit;
  letter-spacing: inherit;
  line-height: 1.5;
  text-align: inherit;
  -webkit-text-decoration: inherit;
  text-decoration: inherit;
  padding: 0 1rem;
}

<div
  className="c0"
>
  Lorem Ipsum
</div>
`;

exports[`AssistiveText using Theme color should return a AssistiveText object with custom color 1`] = `
.c0 {
  background-color: hsl(305,33.9%,23.7%);
  color: hsl(313,67.8%,47.5%);
  font-family: -apple-system,BlinkMacSystemFont,"Segoe UI",Roboto,Helvetica,Arial,sans-serif,"Apple Color Emoji","Segoe UI Emoji","Segoe UI Symbol";
  font-size: 0.8rem;
  font-weight: inherit;
  -webkit-letter-spacing: inherit;
  -moz-letter-spacing: inherit;
  -ms-letter-spacing: inherit;
  letter-spacing: inherit;
  line-height: 1.5;
  text-align: inherit;
  -webkit-text-decoration: inherit;
  text-decoration: inherit;
  padding: 0 1rem;
}

<div
  className="c0"
>
  Lorem Ipsum
</div>
`;
