// Jest Snapshot v1, https://goo.gl/fbAQLP

exports[`CheckboxFieldComponent Component base should return a CheckboxFieldComponent that contains CheckboxComponent object 1`] = `
.c1 {
  background-color: transparent;
  color: inherit;
  font-family: -apple-system,BlinkMacSystemFont,"Segoe UI",Roboto,Helvetica,Arial,sans-serif,"Apple Color Emoji","Segoe UI Emoji","Segoe UI Symbol";
  font-size: inherit;
  -webkit-letter-spacing: inherit;
  -moz-letter-spacing: inherit;
  -ms-letter-spacing: inherit;
  letter-spacing: inherit;
  line-height: 1.5;
  text-align: inherit;
  -webkit-text-decoration: inherit;
  text-decoration: inherit;
  margin-right: 1rem;
  -webkit-align-items: baseline;
  -webkit-box-align: baseline;
  -ms-flex-align: baseline;
  align-items: baseline;
  -webkit-align-self: flex-start;
  -ms-flex-item-align: start;
  align-self: flex-start;
  cursor: pointer;
}

.c0 {
  display: -webkit-box;
  display: -webkit-flex;
  display: -ms-flexbox;
  display: flex;
  padding-bottom: 8px;
  padding-left: 16px;
  padding-right: 16px;
}

<div
  className="c0"
  id=""
>
  <label
    className="c1"
    id="exampleColor"
    value={
      Array [
        "red",
      ]
    }
  >
    <input
      checked={true}
      id="exampleColor"
      name="Color"
      onChange={[Function]}
      style={
        Object {
          "cursor": "pointer",
          "marginRight": "0.5rem",
        }
      }
      type="checkbox"
      value="red"
    />
    Red
  </label>
  <label
    className="c1"
    id="exampleColor"
    value={
      Array [
        "red",
      ]
    }
  >
    <input
      checked={false}
      id="exampleColor"
      name="Color"
      onChange={[Function]}
      style={
        Object {
          "cursor": "pointer",
          "marginRight": "0.5rem",
        }
      }
      type="checkbox"
      value="yellow"
    />
    Yellow
  </label>
  <label
    className="c1"
    id="exampleColor"
    value={
      Array [
        "red",
      ]
    }
  >
    <input
      checked={false}
      id="exampleColor"
      name="Color"
      onChange={[Function]}
      style={
        Object {
          "cursor": "pointer",
          "marginRight": "0.5rem",
        }
      }
      type="checkbox"
      value="green"
    />
    Green
  </label>
</div>
`;

exports[`CheckboxFieldComponent Component base should return a CheckboxFieldComponent that contains PlainText object 1`] = `
.c0 {
  background-color: transparent;
  color: inherit;
  font-family: -apple-system,BlinkMacSystemFont,"Segoe UI",Roboto,Helvetica,Arial,sans-serif,"Apple Color Emoji","Segoe UI Emoji","Segoe UI Symbol";
  font-size: inherit;
  font-weight: inherit;
  width: 100%;
  -webkit-letter-spacing: inherit;
  -moz-letter-spacing: inherit;
  -ms-letter-spacing: inherit;
  letter-spacing: inherit;
  line-height: 1.5;
  padding-bottom: 1rem;
  padding-top: 1rem;
  padding-left: 1rem;
  padding-right: 1rem;
  text-align: inherit;
  -webkit-text-decoration: inherit;
  text-decoration: inherit;
  box-sizing: border-box;
}

<div
  className="c0"
  id="exampleColor"
>
  <div>
    
  </div>
</div>
`;
