// Jest Snapshot v1, https://goo.gl/fbAQLP

exports[`Button Component base with style should return a Button with a zIndex when using a number 1`] = `
.c0 {
  border-radius: 4px;
  color: inherit;
  background-color: transparent;
  display: inline-block;
  font-family: -apple-system,BlinkMacSystemFont,"Segoe UI",Roboto,Helvetica,Arial,sans-serif,"Apple Color Emoji","Segoe UI Emoji","Segoe UI Symbol";
  font-size: inherit;
  font-weight: inherit;
  -webkit-letter-spacing: inherit;
  -moz-letter-spacing: inherit;
  -ms-letter-spacing: inherit;
  letter-spacing: inherit;
  line-height: 1.5;
  position: relative;
  margin: 4px;
  padding-top: 4px;
  padding-bottom: 4px;
  padding-left: 16px;
  padding-right: 16px;
  text-align: center;
  -webkit-text-decoration: none;
  text-decoration: none;
  z-index: 500;
  outline: 0;
  text-transform: uppercase;
}

.c0:hover {
  cursor: pointer;
  background-color: hsl(0,0%,90%);
}

.c0:active {
  background-color: hsl(0,0%,100%);
}

.c0[disabled] {
  opacity: 0.4;
  pointer-events: none;
  cursor: not-allowed;
}

<button
  className="c0"
  type="button"
>
  Do this
</button>
`;

exports[`Button Component base with style should return a Button with a zIndex when using a string 1`] = `
.c0 {
  border-radius: 4px;
  color: inherit;
  background-color: transparent;
  display: inline-block;
  font-family: -apple-system,BlinkMacSystemFont,"Segoe UI",Roboto,Helvetica,Arial,sans-serif,"Apple Color Emoji","Segoe UI Emoji","Segoe UI Symbol";
  font-size: inherit;
  font-weight: inherit;
  -webkit-letter-spacing: inherit;
  -moz-letter-spacing: inherit;
  -ms-letter-spacing: inherit;
  letter-spacing: inherit;
  line-height: 1.5;
  position: relative;
  margin: 4px;
  padding-top: 4px;
  padding-bottom: 4px;
  padding-left: 16px;
  padding-right: 16px;
  text-align: center;
  -webkit-text-decoration: none;
  text-decoration: none;
  z-index: 500;
  outline: 0;
  text-transform: uppercase;
}

.c0:hover {
  cursor: pointer;
  background-color: hsl(0,0%,90%);
}

.c0:active {
  background-color: hsl(0,0%,100%);
}

.c0[disabled] {
  opacity: 0.4;
  pointer-events: none;
  cursor: not-allowed;
}

<button
  className="c0"
  type="button"
>
  Do this
</button>
`;

exports[`Button Component base with style should return a Button with bg and color 1`] = `
.c0 {
  border-radius: 4px;
  color: hsl(0,0%,98%);
  background-color: hsl(122.4,39.4%,49.2%);
  display: inline-block;
  font-family: -apple-system,BlinkMacSystemFont,"Segoe UI",Roboto,Helvetica,Arial,sans-serif,"Apple Color Emoji","Segoe UI Emoji","Segoe UI Symbol";
  font-size: inherit;
  font-weight: inherit;
  -webkit-letter-spacing: inherit;
  -moz-letter-spacing: inherit;
  -ms-letter-spacing: inherit;
  letter-spacing: inherit;
  line-height: 1.5;
  position: relative;
  margin: 4px;
  padding-top: 4px;
  padding-bottom: 4px;
  padding-left: 16px;
  padding-right: 16px;
  text-align: center;
  -webkit-text-decoration: none;
  text-decoration: none;
  outline: 0;
  text-transform: uppercase;
}

.c0:hover {
  cursor: pointer;
  background-color: hsl(0,0%,90%);
}

.c0:active {
  background-color: hsl(0,0%,100%);
}

.c0[disabled] {
  opacity: 0.4;
  pointer-events: none;
  cursor: not-allowed;
}

<button
  className="c0"
  id="exampleColor"
  type="button"
>
  Happy St. Patrick's Day!
</button>
`;

exports[`Button Component base with style should return a Button with bg and color and bgActiveColor and bgHoverColor  1`] = `
.c0 {
  border-radius: 4px;
  color: hsl(0,0%,98%);
  background-color: hsl(122.4,39.4%,49.2%);
  display: inline-block;
  font-family: -apple-system,BlinkMacSystemFont,"Segoe UI",Roboto,Helvetica,Arial,sans-serif,"Apple Color Emoji","Segoe UI Emoji","Segoe UI Symbol";
  font-size: inherit;
  font-weight: inherit;
  -webkit-letter-spacing: inherit;
  -moz-letter-spacing: inherit;
  -ms-letter-spacing: inherit;
  letter-spacing: inherit;
  line-height: 1.5;
  position: relative;
  margin: 4px;
  padding-top: 4px;
  padding-bottom: 4px;
  padding-left: 16px;
  padding-right: 16px;
  text-align: center;
  -webkit-text-decoration: none;
  text-decoration: none;
  outline: 0;
  text-transform: uppercase;
}

.c0:hover {
  cursor: pointer;
  background-color: hsl(122.4,39.4%,29.2%);
}

.c0:active {
  background-color: hsl(122.4,39.4%,69.2%);
}

.c0[disabled] {
  opacity: 0.4;
  pointer-events: none;
  cursor: not-allowed;
}

<button
  className="c0"
  id="exampleColor"
  type="button"
>
  Happy St. Patrick's Day!
</button>
`;

exports[`Button Component base with style should return a Button with lg 1`] = `
.c0 {
  border-radius: 8px;
  color: inherit;
  background-color: transparent;
  display: inline-block;
  font-family: -apple-system,BlinkMacSystemFont,"Segoe UI",Roboto,Helvetica,Arial,sans-serif,"Apple Color Emoji","Segoe UI Emoji","Segoe UI Symbol";
  font-size: 1.2rem;
  font-weight: inherit;
  -webkit-letter-spacing: inherit;
  -moz-letter-spacing: inherit;
  -ms-letter-spacing: inherit;
  letter-spacing: inherit;
  line-height: 1.5;
  position: relative;
  margin: 4px;
  padding-top: 8px;
  padding-bottom: 8px;
  padding-left: 32px;
  padding-right: 32px;
  text-align: center;
  -webkit-text-decoration: none;
  text-decoration: none;
  outline: 0;
  text-transform: uppercase;
}

.c0:hover {
  cursor: pointer;
  background-color: hsl(0,0%,90%);
}

.c0:active {
  background-color: hsl(0,0%,100%);
}

.c0[disabled] {
  opacity: 0.4;
  pointer-events: none;
  cursor: not-allowed;
}

<button
  className="c0"
  id="exampleColor"
  type="button"
>
  Do this
</button>
`;

exports[`Button Component base with style should return a Button with sm 1`] = `
.c0 {
  border-radius: 2px;
  color: inherit;
  background-color: transparent;
  display: inline-block;
  font-family: -apple-system,BlinkMacSystemFont,"Segoe UI",Roboto,Helvetica,Arial,sans-serif,"Apple Color Emoji","Segoe UI Emoji","Segoe UI Symbol";
  font-size: 0.8rem;
  font-weight: inherit;
  -webkit-letter-spacing: inherit;
  -moz-letter-spacing: inherit;
  -ms-letter-spacing: inherit;
  letter-spacing: inherit;
  line-height: 1.5;
  position: relative;
  margin: 4px;
  padding-top: 0;
  padding-bottom: 0;
  padding-left: 8px;
  padding-right: 8px;
  text-align: center;
  -webkit-text-decoration: none;
  text-decoration: none;
  outline: 0;
  text-transform: uppercase;
}

.c0:hover {
  cursor: pointer;
  background-color: hsl(0,0%,90%);
}

.c0:active {
  background-color: hsl(0,0%,100%);
}

.c0[disabled] {
  opacity: 0.4;
  pointer-events: none;
  cursor: not-allowed;
}

<button
  className="c0"
  id="exampleColor"
  type="button"
>
  Do this
</button>
`;

exports[`Button Component base with style should return a Link with href with button look 1`] = `
.c0 {
  border-radius: 4px;
  color: inherit;
  background-color: transparent;
  display: inline-block;
  font-family: -apple-system,BlinkMacSystemFont,"Segoe UI",Roboto,Helvetica,Arial,sans-serif,"Apple Color Emoji","Segoe UI Emoji","Segoe UI Symbol";
  font-size: inherit;
  font-weight: inherit;
  -webkit-letter-spacing: inherit;
  -moz-letter-spacing: inherit;
  -ms-letter-spacing: inherit;
  letter-spacing: inherit;
  line-height: 1.5;
  position: relative;
  margin: 4px;
  padding-top: 4px;
  padding-bottom: 4px;
  padding-left: 16px;
  padding-right: 16px;
  text-align: center;
  -webkit-text-decoration: none;
  text-decoration: none;
  outline: 0;
  text-transform: uppercase;
}

.c0:hover {
  cursor: pointer;
  background-color: hsl(0,0%,90%);
}

.c0:active {
  background-color: hsl(0,0%,100%);
}

.c0[disabled] {
  opacity: 0.4;
  pointer-events: none;
  cursor: not-allowed;
}

<a
  className="c0"
  href="https://www.google.com/"
  target="_blank"
>
  google
</a>
`;

exports[`Button Component base with style should return a Link with to with button look 1`] = `
.c0 {
  border-radius: 4px;
  color: inherit;
  background-color: transparent;
  display: inline-block;
  font-family: -apple-system,BlinkMacSystemFont,"Segoe UI",Roboto,Helvetica,Arial,sans-serif,"Apple Color Emoji","Segoe UI Emoji","Segoe UI Symbol";
  font-size: inherit;
  font-weight: inherit;
  -webkit-letter-spacing: inherit;
  -moz-letter-spacing: inherit;
  -ms-letter-spacing: inherit;
  letter-spacing: inherit;
  line-height: 1.5;
  position: relative;
  margin: 4px;
  padding-top: 4px;
  padding-bottom: 4px;
  padding-left: 16px;
  padding-right: 16px;
  text-align: center;
  -webkit-text-decoration: none;
  text-decoration: none;
  outline: 0;
  text-transform: uppercase;
}

.c0:hover {
  cursor: pointer;
  background-color: hsl(0,0%,90%);
}

.c0:active {
  background-color: hsl(0,0%,100%);
}

.c0[disabled] {
  opacity: 0.4;
  pointer-events: none;
  cursor: not-allowed;
}

<a
  className="c0"
  href="/404"
  onClick={[Function]}
  target="_self"
>
  404
</a>
`;

exports[`Button base should return a Button 1`] = `
.c0 {
  border-radius: 4px;
  color: inherit;
  background-color: transparent;
  display: inline-block;
  font-family: -apple-system,BlinkMacSystemFont,"Segoe UI",Roboto,Helvetica,Arial,sans-serif,"Apple Color Emoji","Segoe UI Emoji","Segoe UI Symbol";
  font-size: inherit;
  font-weight: inherit;
  -webkit-letter-spacing: inherit;
  -moz-letter-spacing: inherit;
  -ms-letter-spacing: inherit;
  letter-spacing: inherit;
  line-height: 1.5;
  position: relative;
  margin: 4px;
  padding-top: 4px;
  padding-bottom: 4px;
  padding-left: 16px;
  padding-right: 16px;
  text-align: center;
  -webkit-text-decoration: none;
  text-decoration: none;
  outline: 0;
  text-transform: uppercase;
}

.c0:hover {
  cursor: pointer;
  background-color: hsl(0,0%,90%);
}

.c0:active {
  background-color: hsl(0,0%,100%);
}

.c0[disabled] {
  opacity: 0.4;
  pointer-events: none;
  cursor: not-allowed;
}

<button
  className="c0"
  type="button"
>
  Button Base
</button>
`;

exports[`Button base should return a Button with disabled 1`] = `
.c0 {
  border-radius: 4px;
  color: inherit;
  background-color: transparent;
  display: inline-block;
  font-family: -apple-system,BlinkMacSystemFont,"Segoe UI",Roboto,Helvetica,Arial,sans-serif,"Apple Color Emoji","Segoe UI Emoji","Segoe UI Symbol";
  font-size: inherit;
  font-weight: inherit;
  -webkit-letter-spacing: inherit;
  -moz-letter-spacing: inherit;
  -ms-letter-spacing: inherit;
  letter-spacing: inherit;
  line-height: 1.5;
  position: relative;
  margin: 4px;
  padding-top: 4px;
  padding-bottom: 4px;
  padding-left: 16px;
  padding-right: 16px;
  text-align: center;
  -webkit-text-decoration: none;
  text-decoration: none;
  outline: 0;
  text-transform: uppercase;
}

.c0:hover {
  cursor: pointer;
  background-color: hsl(0,0%,90%);
}

.c0:active {
  background-color: hsl(0,0%,100%);
}

.c0[disabled] {
  opacity: 0.4;
  pointer-events: none;
  cursor: not-allowed;
}

<button
  className="c0"
  disabled={true}
  id="exampleColor"
  type="button"
>
  Disabled button
</button>
`;

exports[`Button base should return an contained Button 1`] = `
.c0 {
  border-radius: 4px;
  color: inherit;
  background-color: transparent;
  display: inline-block;
  font-family: -apple-system,BlinkMacSystemFont,"Segoe UI",Roboto,Helvetica,Arial,sans-serif,"Apple Color Emoji","Segoe UI Emoji","Segoe UI Symbol";
  font-size: inherit;
  font-weight: inherit;
  -webkit-letter-spacing: inherit;
  -moz-letter-spacing: inherit;
  -ms-letter-spacing: inherit;
  letter-spacing: inherit;
  line-height: 1.5;
  position: relative;
  margin: 4px;
  padding-top: 4px;
  padding-bottom: 4px;
  padding-left: 16px;
  padding-right: 16px;
  text-align: center;
  -webkit-text-decoration: none;
  text-decoration: none;
  outline: 0;
  text-transform: uppercase;
}

.c0:hover {
  cursor: pointer;
  background-color: hsl(0,0%,90%);
}

.c0:active {
  background-color: hsl(0,0%,100%);
}

.c0[disabled] {
  opacity: 0.4;
  pointer-events: none;
  cursor: not-allowed;
}

<button
  className="c0"
  id="buttonContained"
  type="button"
>
  Button Contained
</button>
`;

exports[`Button base should return an contained raised Button 1`] = `
.c0 {
  border-radius: 4px;
  box-shadow: 0 2px 2px 0 rgba(0,0,0,0.14),0 3px 1px -2px rgba(0,0,0,0.12),0 1px 5px 0 rgba(0,0,0,0.2);
  color: inherit;
  background-color: transparent;
  display: inline-block;
  font-family: -apple-system,BlinkMacSystemFont,"Segoe UI",Roboto,Helvetica,Arial,sans-serif,"Apple Color Emoji","Segoe UI Emoji","Segoe UI Symbol";
  font-size: inherit;
  font-weight: inherit;
  -webkit-letter-spacing: inherit;
  -moz-letter-spacing: inherit;
  -ms-letter-spacing: inherit;
  letter-spacing: inherit;
  line-height: 1.5;
  position: relative;
  margin: 4px;
  padding-top: 4px;
  padding-bottom: 4px;
  padding-left: 16px;
  padding-right: 16px;
  text-align: center;
  -webkit-text-decoration: none;
  text-decoration: none;
  outline: 0;
  text-transform: uppercase;
}

.c0:hover {
  cursor: pointer;
  background-color: hsl(0,0%,90%);
}

.c0:active {
  box-shadow: 0 4px 5px 0 rgba(0,0,0,0.14),0 1px 10px 0 rgba(0,0,0,0.12),0 2px 4px -1px rgba(0,0,0,0.3);
  background-color: hsl(0,0%,100%);
}

.c0[disabled] {
  opacity: 0.4;
  pointer-events: none;
  cursor: not-allowed;
}

<button
  className="c0"
  id="buttonContainedRaised"
  type="button"
>
  Button Contained and Raised
</button>
`;

exports[`Button base should return an outlined Button 1`] = `
.c0 {
  border: 1px solid hsl(0,0%,25%);
  border-radius: 4px;
  color: inherit;
  background-color: transparent;
  display: inline-block;
  font-family: -apple-system,BlinkMacSystemFont,"Segoe UI",Roboto,Helvetica,Arial,sans-serif,"Apple Color Emoji","Segoe UI Emoji","Segoe UI Symbol";
  font-size: inherit;
  font-weight: inherit;
  -webkit-letter-spacing: inherit;
  -moz-letter-spacing: inherit;
  -ms-letter-spacing: inherit;
  letter-spacing: inherit;
  line-height: 1.5;
  position: relative;
  margin: 4px;
  padding-top: 4px;
  padding-bottom: 4px;
  padding-left: 16px;
  padding-right: 16px;
  text-align: center;
  -webkit-text-decoration: none;
  text-decoration: none;
  outline: 0;
  text-transform: uppercase;
}

.c0:hover {
  cursor: pointer;
  background-color: hsl(0,0%,90%);
}

.c0:active {
  background-color: hsl(0,0%,100%);
}

.c0[disabled] {
  opacity: 0.4;
  pointer-events: none;
  cursor: not-allowed;
}

<button
  className="c0"
  id="buttonOutline"
  type="button"
>
  Button Outline
</button>
`;
