// Jest Snapshot v1, https://goo.gl/fbAQLP

exports[`PlainText using Theme Font Family should return a PlainText object with a custom font family 1`] = `
.c0 {
  background-color: transparent;
  color: inherit;
  font-family: "DejaVu Sans Mono","Bitstream Vera Sans Mono",Courier;
  font-size: inherit;
  font-weight: inherit;
  width: 100%;
  -webkit-letter-spacing: inherit;
  -moz-letter-spacing: inherit;
  -ms-letter-spacing: inherit;
  letter-spacing: inherit;
  line-height: 1.5;
  padding-bottom: 1rem;
  padding-top: 1rem;
  padding-left: 1rem;
  padding-right: 1rem;
  text-align: inherit;
  -webkit-text-decoration: inherit;
  text-decoration: inherit;
  box-sizing: border-box;
}

<div
  className="c0"
>
  <div>
    
  </div>
</div>
`;

exports[`PlainText using Theme color should return a PlainText object with custom color 1`] = `
.c0 {
  background-color: hsl(305,33.9%,23.7%);
  color: hsl(313,67.8%,47.5%);
  font-family: -apple-system,BlinkMacSystemFont,"Segoe UI",Roboto,Helvetica,Arial,sans-serif,"Apple Color Emoji","Segoe UI Emoji","Segoe UI Symbol";
  font-size: inherit;
  font-weight: inherit;
  width: 100%;
  -webkit-letter-spacing: inherit;
  -moz-letter-spacing: inherit;
  -ms-letter-spacing: inherit;
  letter-spacing: inherit;
  line-height: 1.5;
  padding-bottom: 1rem;
  padding-top: 1rem;
  padding-left: 1rem;
  padding-right: 1rem;
  text-align: inherit;
  -webkit-text-decoration: inherit;
  text-decoration: inherit;
  box-sizing: border-box;
}

<div
  className="c0"
>
  <div>
    
  </div>
</div>
`;
