// Jest Snapshot v1, https://goo.gl/fbAQLP

exports[`PlainText Component base should return a PlainText object 1`] = `
.c0 {
  background-color: transparent;
  color: inherit;
  font-family: -apple-system,BlinkMacSystemFont,"Segoe UI",Roboto,Helvetica,Arial,sans-serif,"Apple Color Emoji","Segoe UI Emoji","Segoe UI Symbol";
  font-size: inherit;
  font-weight: inherit;
  -webkit-letter-spacing: inherit;
  -moz-letter-spacing: inherit;
  -ms-letter-spacing: inherit;
  letter-spacing: inherit;
  line-height: 1.5;
  padding-bottom: 1rem;
  padding-left: 1rem;
  padding-right: 1rem;
  padding-top: 1rem;
  text-align: inherit;
  -webkit-text-decoration: inherit;
  text-decoration: inherit;
}

<div
  className="c0"
>
  
</div>
`;
