// Jest Snapshot v1, https://goo.gl/fbAQLP

exports[`ControlLabel using Theme Font Family should return a ControlLabel object with a custom font family 1`] = `
.c0 {
  background-color: hsl(0,0%,100%);
  color: inherit;
  font-family: "DejaVu Sans Mono","Bitstream Vera Sans Mono",Courier;
  font-size: 0.8rem;
  font-weight: inherit;
  height: 0.5rem;
  -webkit-letter-spacing: inherit;
  -moz-letter-spacing: inherit;
  -ms-letter-spacing: inherit;
  letter-spacing: inherit;
  line-height: 0.8;
  left: 8px;
  position: absolute;
  top: -1px;
  padding-left: 8px;
  padding-right: 8px;
  text-align: inherit;
  -webkit-text-decoration: inherit;
  text-decoration: inherit;
}

<label
  className="c0"
>
  Lorem Ipsum
</label>
`;

exports[`ControlLabel using Theme color should return a ControlLabel object with custom color 1`] = `
.c0 {
  background-color: hsl(305,33.9%,23.7%);
  color: hsl(313,67.8%,47.5%);
  font-family: -apple-system,BlinkMacSystemFont,"Segoe UI",Roboto,Helvetica,Arial,sans-serif,"Apple Color Emoji","Segoe UI Emoji","Segoe UI Symbol";
  font-size: 0.8rem;
  font-weight: inherit;
  height: 0.5rem;
  -webkit-letter-spacing: inherit;
  -moz-letter-spacing: inherit;
  -ms-letter-spacing: inherit;
  letter-spacing: inherit;
  line-height: 0.8;
  left: 8px;
  position: absolute;
  top: -1px;
  padding-left: 8px;
  padding-right: 8px;
  text-align: inherit;
  -webkit-text-decoration: inherit;
  text-decoration: inherit;
}

<label
  className="c0"
>
  Lorem Ipsum
</label>
`;
